$SMI<O=C1C(=C([H])C2=C([H])N(N=C2C2=C([H])C(=C(C(=C2[H])[H])OC([H])([H])C2=C([H])C(=C(C(=C2[H])[H])C([H])([H])[H])[H])[H])C2=C([H])C(=C([H])C(=C2[H])[H])[H])SC(=N1)N1C([H])([H])C([H])([H])C([H])([H])C([H])(C1([H])[H])C([H])([H])[H]>
FPIW<bzzzzzzzzzvnryroAkznYflkRHtrPVN6hxYpFdx41d6JfUtOvhW1ZqAxbTIjziCQ+7.zRqXb+oArulfR1oWjwQIQmvJ2nUgG7CgfP+ur0pLwEb4xOt3fyalCuiWoh+d3LLkKShvWa+V8z7eidg6HREh8aRsDTwkJSRAbzi3vEYMLKHdMx8JmqiLTTbF3wbwRay9H9LbjXv.ynwytKmzrxoZxBi2zxIztuD7SrT5MnR0zFBzsiSAe87ZXorqzZ5Gl+y4VlqF0LaW3vpaMbl2RlZfvBXhZuhvQQuqqsToTJjRBzrJ.8D.Zyfok20sgQSNEwDdcq4HGnN3ZvOTocuPCb...1;2048;1156;2048;1156;1>
PCN<PBCHM6197496>
|
