Name ha_X ha_X1X ha_X1X1X ha_X1X2X ha_X1X3X ha_X1X4X ha_X1B1XE1X ha_X1B1XEX ha_X1B2XE1X ha_X1B2XE2X ha_X1B2XEX ha_X1B3XE1X ha_X1B3XE3X ha_X1B3XEX ha_X1B4XEX ha_X1B6XEX ha_X1BXEX ha_X1X5X ha_X2X ha_X2X2X ha_X2X3X ha_X2B1XE1X ha_X2B2XE1X ha_X2X4X ha_X3X ha_X3X3X ha_X4X ha_X5X ha_X6X ha_XX ha_XX1X ha_XX2X ha_XX3X ha_XX4X ha_XX5X ha_XXX ha_X7X
PBCHM6197496 7 8 4 4 0 4 0 2 1 0 2 4 4 4 4 8 6 8 4 0 0 0 2 0 6 0 12 16 20 2 0 0 0 2 6 0 20
