$SMI<O=C1C(=C([H])C2=C([H])N(N=C2C2=C([H])C(=C(C(=C2[H])[H])OC([H])([H])C2=C([H])C(=C(C(=C2[H])[H])C([H])([H])[H])[H])[H])C2=C([H])C(=C([H])C(=C2[H])[H])[H])SC(=N1)N1C([H])([H])C([H])([H])C([H])([H])C([H])(C1([H])[H])C([H])([H])[H]>
PCN<PBCHM6197496>
NCRNG<.....E....A....2....0kEJ.U2....A....1E....s....D+.60.E...+A....N....4U...16K.EC.....D....3k...Dc...1wUM0+lQ...Dn...1z...++g...MM0kE46U..+VY.....3>
|
