$SMI<O=C1C(=CC2=CN(N=C2C2=CC=C(C=C2)OCC2=CC=C(C)C=C2)C2=CC=CC=C2)SC(=N1)N1CCCC(C)C1>
NCECC<..3lj..+YBs..N2+..4Gh.2+.E2..eJc..8bzk.0mAE..vdO.E2+.E.3Hc..+KpJ..JmOU.3RNo+.E2+..JpsU.3RU..+LSt..JssU2+.E2.+eJQ..leJ..BRxU.2JEw.E2+.E.FK.w.2JlE.+3Vgk.MGQw8.k6+.+V8U..MGuY.42mN.+VBkU2+.E2.7100.0ElA..p3GQ.Loqq.E20.U+Z1wE.Q5mW.HygS.5LEe6+.E2+.Sm8bU5pOv61CLzo.pPA7U2+.E21Ku7O.ui.ykEOKL23O6RG.E2+.EJmpiQ3fSPO+Oyh1ULgrPY+.E2++r80y.SlvkM5xi4T0IiJ4U2+.E27qCkg0eBufkgMvj.AK3DF.E2+.UmcImkAgN2A1M7FqUrAqGo0.U2+1ShXPEtYCJgCm+xz1iacCU2+.U2DQZWX2FPkWF3slBAFc.Rl.E2+.F4WLc.GUlRX2eLkYlBAk76+.E2+2v3DK+IHKC6J7fyb3HbrwU2+.E2JJsVC3JhVHlLBDUcJnHtD.E20.VLBE0MJnI3D3Qp0fVMUzwM0.U6+3Z.eHlNE9d.KQKRm3fAYSk6+.E2KhDgc3jLgf+QGW5ILUhoC.E6+.FSPEToLrVT53zT0BlUe1DE+.E2+48earlbcGawPNRYl5+Tbt.2+.E2QKPuD54.Pc+moJJQTKVKp.E2+.FxsVFQUKrc06CwT7m3Zw.w+.E2+6Kj9Vm41ELoWLD4B6yo8V.20.E2Y59nF7YxlcmNcGNcaq8ld.E2+.GRr2dIc8BaB8UkJR0cdfQY+.E2+8kv9mGjEg0YgBRbU93Gc5E20.E2gQr7h9Id+2mt0fv2iOOM9.E2+.Gub7GwifKd49j3rAmyLxNs+.E2+A14Zb1.pq5ckOWBNA8Iyc.2+.E6lG5AIApspgXDueJUo6R5U.U6+.HFPTMIoMTyOB8sGEnHeWNc+.E2+BJnatnLxu26qFfyABZMya.2+.E2qdVl.BltFQnQv60.rQNPp.E2+.XUYWGMtLC8jCONbD1b9qrY+.E2+CeEra1fB2oQuqmz0CtyTiE60.E2wSnAUD70HcHul2Ecz.b+g.E2+.HwU.Qkzw4UDE.IFSI.k9Yc0.E2+E4t4.I44KHB0argvF+VIkU2+.E32F5bSF8mfCYMv.dB4GzI5.E2+.IPqoPt5B+1zG..8cYUqkwo+.E20G3EoSoVZaIx6kYbbGAhbCE2+.U36tfL5Ghf6EogS5939HuGu.E2+.YjHTjV9tjUzH1Tb9Im2Tuk+.E6+HEw42opEVz7CIodcHeilBE2+.E3D7z1WHqznfp+nJshEdlkg.E2+.J2sXk7FQAOkIQ04635Kw1I+.E2+IT77bZCkagtHiJvJJ0Ogt.20.U3IxTk6JP2APJLgXkJL32QC.E2+.JQpE7NLkHRZJyQHBpVUSuw+.U2+K5un.ZZ+k9tNR+VpKR1xPU2+.E3NtS2AKhmVzZg8yNdPSVyK.E20.ZjwmxZQ3LRAL2fiD3oQ8R6+.E2+LWYQq3t4Z3ZSSP1uLe.Lf.2+.E3TMkSgLulej43ViexVUVZD.E2+.K4y.tBX3byrMt.9HaCEv7U0.U2+MtYX84GVi0Ba5BQiNl441.2+.E3bWPT6Nu2HaKV41Thcj0Yl.U2+.KXFKdhcs4J6OMvqJKc2zcQ+.E2+OVzS5Kh9r87fcWJsOwwJd.6+.U3fp0jeP1LsZKosq+JhRCVA.E2+.KqQ98+iUWdqPdICqauoYPs+.E20PfIW24zuv.lkRoTyQFKyS.2+.E3lNX7tQVribr6iX5xmj4V+.E2+.L9S8htn5TJcQrQMk5CqwTM0.E2+Qw7yNrEt7.FoFFArRFAOwk2+.E3p9UZqRH1.K5KJNB+qs04D.U6+.LQLmpdt4NIWSQGvtrbmPW2+.E2+SosAzbhY2A+vQJ.mSuBfHE20.E3vtHWLT+0wDLnWTS+y565j.U2+.LwcFRu.m4NDUO47666gDWA0.U2+Ut3DqMCZqyG1rQecV+Jr5k2+.U82YX9.VTAMfcM9sQm48Yp5.E2+.MO98d86kZJiWi0c1Mgvhis+.E2+WpZy66hfxMa9kYfsX45XeU2+.E4BV1ieXVTZx6sb4IeCDwkK.U2+.MwOYh4DWjPMY5tUBt00StY+.E6+Y7TLRt6KM2aGK38rZ19AaE6+.E4IPRL3Z7bOkNIuIgyJmdSl.E2+.NLJJsqKG0dcZe7TztSmQFg+.E2+ZwHX1tVqCK8MlSZ.aBSzaU6+.E4OXYxXaqjii7ikOGGQS7NG.E2+.dmVXPCQdFFFbBmSx7t7ti6+.E2+bb25Qdu1UL0SYQ1Tbh.dLU2+.E4SswCbbqW5jNy5nVaTZpay.E2+.dze1dGVNACycLFNQu4wy3M+.E2+ccWDbu93SBaXIkuhcrRXJU6+.E4XVx9Xcw5x+uJr+jyaR7SA.E2+.OOpe14b0.ZEdow9suSYMKw+.E2+e.PVmOUD9i4c2gtoe0.GdU2+.E4c6xUge2T9QOVfU.uckuX4.E2+.OXi71adMzwZeLGu0OdOQVg+.E6+eiQi38hjAVyfeagDf0XYWE60.E4h+mkmfKGZDur99bmhspX2.U2+.P.kBEelGAW9gLEdPf7DJ6s+.E2+gbDnUv8XO+uoTeZYh620WE2+.E4od8kFhTAa49MohYuqSgJT.E2+.PUfmtStXLCRiNRHffd6oSw+.U2+iv.MUfjljZGwFhLQj7V0Bk2+.E4wdf56jIMmPfqgIQGxmFLC.E60.Q+gVof.dBUckC2TAg4WfMM0.E2+kpdqFQCtOJb2NH6glP8n+E6+.E53tHmolVrphwNhJ955.4+l.E6+.QSlyc96JedMmBWXWgYtYu6+.E2+mOij+QcUB9T98lBLmnk.DU2+.U59zif4n6hWkgmA0gXAnRHD.E20.grcQVHCCjxlnjxpwQxMmms+.E2+nqzKDx.UzGHEJho.o633YU6+.E9Ea5vRoGz9PR5hLBnG2Jfr.E2+.R6LKTHHWN7pp0g9EhLUdnM0.E6+pUeXhBVavxvMeHWoqEEZmU2+.E5OGMAjqh.YOhijuJPQ5U0v.E20.Rmtj9DR7XerrTB07huIyus+.E2+renzxRuzqfzSzn.srqUcAE2+.E5TSJ8qs+8dAC.qtJzUusgO.E20.S9rfoDXJAgDtGgo+SIqSGU+.E2+tn6ypiSHMA1cKB+Au3xe0E2+.E5cMvQ4usSioCiQwSffk8B0.E2+.Sj32xffrM2mv.2jGCmsA3M+.E2+vN6R7Cw.dtbl4nLgwGx3mE2+.U5lEK7xwZARij7vgRTn9SJX.U20.TBiiaDrRB3Wy6OUSDX5YD2+.U60yEI7dzZ5G9XtK7pqyLV+1k2+.E5uk1xRytGEuznpL51wzbDz.U2+.jw9x3zzAS23znfC+TxBkHo+.E2+zvKkSDzEREjzqA5S.E60....1>
PCN<PBCHM6197496>
|
