$SMI<O=C1C(=C([H])C2=C([H])N(N=C2C2=C([H])C(=C(C(=C2[H])[H])OC([H])([H])C2=C([H])C(=C(C(=C2[H])[H])C([H])([H])[H])[H])[H])C2=C([H])C(=C([H])C(=C2[H])[H])[H])SC(=N1)N1C([H])([H])C([H])([H])C([H])([H])C([H])(C1([H])[H])C([H])([H])[H]>
PCN<PBCHM6197496>
NCRS<..+Idk..J9M..3Gu..+Ijk22.UA..3H8..0d0k..eFM..8YO2U62.U..eFw..8Ye..1xOk..zLM12U62..1xSU..zLw..Dq8..3Flk612U2..J5K..3FqU.+IRw..J5e+.612U.+dXM..OMu..4aGUE02U..2>
|
