Name mk_mk0 mk_mk1 mk_mk2 mk_mk3 mk_mk4 mk_mk5 mk_mk6 mk_mk7 mk_mk8 mk_mk9 mk_mk10 mk_mk11 mk_mk12 mk_mk13 mk_mk14 mk_mk15 mk_mk16 mk_mk17 mk_mk18 mk_mk19 mk_mk20 mk_mk21 mk_mk22 mk_mk23 mk_mk24 mk_mk25 mk_mk26 mk_mk27 mk_mk28 mk_mk29 mk_mk30 mk_mk31 mk_mk32 mk_mk33 mk_mk34 mk_mk35 mk_mk36 mk_mk37 mk_mk38 mk_mk39 mk_mk40 mk_mk41 mk_mk42 mk_mk43 mk_mk44 mk_mk45 mk_mk46 mk_mk47 mk_mk48 mk_mk49 mk_mk50 mk_mk51 mk_mk52 mk_mk53 mk_mk54 mk_mk55 mk_mk56 mk_mk57 mk_mk58 mk_mk59 mk_mk60 mk_mk61 mk_mk62 mk_mk63 mk_mk64 mk_mk65 mk_mk66 mk_mk67 mk_mk68 mk_mk69 mk_mk70 mk_mk71 mk_mk72 mk_mk73 mk_mk74 mk_mk75 mk_mk76 mk_mk77 mk_mk78 mk_mk79 mk_mk80 mk_mk81 mk_mk82 mk_mk83 mk_mk84 mk_mk85 mk_mk86 mk_mk87 mk_mk88 mk_mk89 mk_mk90 mk_mk91 mk_mk92 mk_mk93 mk_mk94 mk_mk95 mk_mk96 mk_mk97 mk_mk98 mk_mk99 mk_mk100 mk_mk101 mk_mk102 mk_mk103 mk_mk104 mk_mk105 mk_mk106 mk_mk107 mk_mk108 mk_mk109 mk_mk110 mk_mk111 mk_mk112 mk_mk113 mk_mk114 mk_mk115 mk_mk116 mk_mk117 mk_mk118 mk_mk119 mk_mk120 mk_mk121 mk_mk122 mk_mk123 mk_mk124 mk_mk125 mk_mk126 mk_mk127 mk_mk128 mk_mk129 mk_mk130 mk_mk131 mk_mk132 mk_mk133 mk_mk134 mk_mk135 mk_mk136 mk_mk137 mk_mk138 mk_mk139 mk_mk140 mk_mk141 mk_mk142 mk_mk143 mk_mk144 mk_mk145 mk_mk146 mk_mk147 mk_mk148 mk_mk149 mk_mk150 mk_mk151 mk_mk152 mk_mk153 mk_mk154 mk_mk155 mk_mk156 mk_mk157 mk_mk158 mk_mk159 mk_mk160 mk_mk161 mk_mk162 mk_mk163 mk_mk164 mk_mk165 mk_mk166 mk_mk167 mk_mk168 mk_mk169 mk_mk170 mk_mk171 mk_mk172 mk_mk173 mk_mk174 mk_mk175 mk_mk176 mk_mk177 mk_mk178 mk_mk179 mk_mk180 mk_mk181 mk_mk182 mk_mk183 mk_mk184 mk_mk185 mk_mk186 mk_mk187 mk_mk188 mk_mk189 mk_mk190 mk_mk191
PBCHM6197496 0 1 1 1 0 1 1 0 0 0 1 0 1 1 1 0 0 0 1 0 0 0 0 0 0 0 0 0 0 0 0 0 0 0 0 0 1 0 0 0 0 1 0 0 0 3 0 2 1 0 4 0 1 0 0 0 0 0 4 0 0 1 6 0 0 2 0 1 0 0 0 0 0 0 0 2 8 2 2 0 1 2 0 2 0 1 1 1 1 0 0 0 1 0 2 0 2 1 1 1 2 0 0 0 0 0 1 0 2 1 1 1 0 1 0 2 1 1 2 2 5 4 4 0 1 1 1 0 3 2 1 0 0 1 0 1 1 1 3 0 2 2 4 2 0 4 0 1 2 0 2 0 1 3 1 1 6 2 4 0 1 1 23 0 1 6 2 26 1 4 0 0 0 0 7 4 1 2 0 0 1 0 0 0 0 1 2 0 0 0 0 1
