Name hpo_HPOnumbr hpo_HPOratio hpo_HPOnsect hpo_HPOminsz hpo_HPOavesz hpo_HPOmaxsz hpo_HPOmxntr hpo_HPOminpi hpo_HPOavepi hpo_HPOmaxpi hpo_HPOmpntr hpo_HPOmxmxd hpo_HPOavmxd hpo_HPOmxarm hpo_HPOavarm hpo_HPOntrml hpo_HPOlgtrm
PBCHM6197496 13 0.181 6 1 2.17 6 8.33e-02 0 0.167 1 1.39e-02 4 1 6 1.5 0 0
