Name ro5_nhoh ro5_no natoms amw clogp violations
PBCHM6197496 0 6 72 548.6979 . 1
