SC(=C(c1c([n]([n]c1c1c(c(c(OC(c2c(c(c(C([H])([H])[H])c(c2[H])[H])[H])[H])([H])[H])c(c1[H])[H])[H])[H])c1c(c(c([H])c(c1[H])[H])[H])[H])[H])[H])C(=O)N=CN1C(C(C(C(C1([H])[H])([H])[H])([H])[H])(C([H])([H])[H])[H])([H])[H] PBCHM6197496 5 molecule 1 copy 4 perm 0
SC(=C(c1c([n]([n]c1c1c(c(c(OC(C2=C(C(=C(C(C2[H])[H])C([H])([H])[H])[H])[H])([H])[H])c(c1[H])[H])[H])[H])c1c(c(c([H])c(c1[H])[H])[H])[H])[H])[H])C(=O)N=CN1C(C(C([H])([H])[H])(C(C(C1([H])[H])([H])[H])([H])[H])[H])([H])[H] PBCHM6197496 6 molecule 1 copy 4 perm 2
